1. SyntaxError: unexpected EOF while parsing
2. IndentationError: expected an indented block
3. NameError: name is not defined
4. TypeError: can only concatenate str (not "int") to str
5. SyntaxError: unterminated string literal (detected at line X) - print("Hello World
6. SyntaxError: invalid syntax
7. IndentationError: unexpected indent
8. TabError: inconsistent use of tabs and spaces in indentation
9. UnboundLocalError: local variable referenced before assignment
10. TypeError: unsupported operand type(s) for +: 'int' and 'str'
11. TypeError: 'list' object is not callable
12. TypeError: 'int' object is not iterable
13. TypeError: list indices must be integers or slices, not str
14. ValueError: invalid literal for int() with base 10
15. IndexError: list index out of range
16. IndexError: string index out of range
17. KeyError
18. FileNotFoundError: [Errno 2] No such file or directory
19. ModuleNotFoundError: No module named
20. ImportError: cannot import name
21. AttributeError: 'NoneType' object has no attribute
22. AttributeError: module has no attribute
23. AttributeError: 'list' object has no attribute 'append' (or similar)
24. ZeroDivisionError: division by zero
25. RecursionError: maximum recursion depth exceeded
26. MemoryError
27. KeyboardInterrupt
28. AssertionError
29. NotImplementedError
30. RuntimeError: dictionary changed size during iteration
31. TypeError: 'str' object does not support item assignment
32. EOFError: EOF when reading a line
33. StopIteration
34. KeyError: 0
35. ValueError: too many values to unpack
36. ValueError: not enough values to unpack
37. TypeError: missing 1 required positional argument
38. TypeError: takes 1 positional argument but 2 were given
39. AttributeError: 'tuple' object has no attribute 'append'
40. TypeError: unsupported operand type(s) for +=: 'int' and 'NoneType'
41. TypeError: must be str, not int
42. ValueError: math domain error
43. OSError: [Errno 98] Address already in use
44. json.decoder.JSONDecodeError: Expecting value
45. SyntaxError: EOL while scanning string literal
46. TypeError: 'float' object cannot be interpreted as an integer
47. TypeError: string indices must be integers
48. ValueError: list.remove(x): x not in list
49. TypeError: 'dict' object is not callable
50. TypeError: '<' not supported between instances of 'str' and 'int'
51. ModuleNotFoundError: No module named 'cv2'
52. ModuleNotFoundError: No module named 'pandas'
53. ModuleNotFoundError: No module named 'numpy'
54. ModuleNotFoundError: No module named 'requests'